arch-linux2-c-debug/lib/petsc/conf/make.log